2026-07-29T10:36:56.835+0800	ERROR	security/security_proxy.go:117	login in err:Post "http://localhost:8848/nacos/v1/auth/users/login": dial tcp 127.0.0.1:8848: connect: connection refused
2026-07-29T10:36:56.837+0800	ERROR	security/security_proxy.go:117	login in err:Post "http://localhost:8848/nacos/v1/auth/users/login": dial tcp 127.0.0.1:8848: connect: connection refused
2026-07-29T10:36:56.838+0800	ERROR	rpc/rpc_client.go:629	Send request fail, request=ConfigQueryRequest, body={"requestId":"","group":"DEFAULT_GROUP","dataId":"vet","tenant":"public","module":"config","tag":""}, retryTimes=0, error=client not connected, current status:STARTING
github.com/nacos-group/nacos-sdk-go/v2/common/remote/rpc.(*RpcClient).Request
	/home/clxxx/go/pkg/mod/github.com/nacos-group/nacos-sdk-go/v2@v2.3.3/common/remote/rpc/rpc_client.go:591
github.com/nacos-group/nacos-sdk-go/v2/clients/config_client.(*ConfigProxy).requestProxy
	/home/clxxx/go/pkg/mod/github.com/nacos-group/nacos-sdk-go/v2@v2.3.3/clients/config_client/config_proxy.go:63
github.com/nacos-group/nacos-sdk-go/v2/clients/config_client.(*ConfigProxy).queryConfig
	/home/clxxx/go/pkg/mod/github.com/nacos-group/nacos-sdk-go/v2@v2.3.3/clients/config_client/config_proxy.go:128
github.com/nacos-group/nacos-sdk-go/v2/clients/config_client.(*ConfigClient).getConfigInner
	/home/clxxx/go/pkg/mod/github.com/nacos-group/nacos-sdk-go/v2@v2.3.3/clients/config_client/config_client.go:198
github.com/nacos-group/nacos-sdk-go/v2/clients/config_client.(*ConfigClient).GetConfig
	/home/clxxx/go/pkg/mod/github.com/nacos-group/nacos-sdk-go/v2@v2.3.3/clients/config_client/config_client.go:166
github.com/betacats/go-core/utils/nacosx.(*Nacosx).GetConfig
	/home/clxxx/桌面/go-core/utils/nacosx/nacos.go:64
github.com/betacats/go-core/utils/nacosx.(*Nacosx).MustLoad
	/home/clxxx/桌面/go-core/utils/nacosx/nacos.go:106
github.com/betacats/go-core/utils/nacosx.TestNacosByAppConfig
	/home/clxxx/桌面/go-core/utils/nacosx/builder_test.go:62
testing.tRunner
	/home/clxxx/sdk/go1.26.2/src/testing/testing.go:2036
runtime.goexit
	/home/clxxx/sdk/go1.26.2/src/runtime/asm_amd64.s:1771
2026-07-29T10:36:56.938+0800	ERROR	rpc/rpc_client.go:629	Send request fail, request=ConfigQueryRequest, body={"requestId":"","group":"DEFAULT_GROUP","dataId":"vet","tenant":"public","module":"config","tag":""}, retryTimes=1, error=client not connected, current status:STARTING
github.com/nacos-group/nacos-sdk-go/v2/common/remote/rpc.(*RpcClient).Request
	/home/clxxx/go/pkg/mod/github.com/nacos-group/nacos-sdk-go/v2@v2.3.3/common/remote/rpc/rpc_client.go:591
github.com/nacos-group/nacos-sdk-go/v2/clients/config_client.(*ConfigProxy).requestProxy
	/home/clxxx/go/pkg/mod/github.com/nacos-group/nacos-sdk-go/v2@v2.3.3/clients/config_client/config_proxy.go:63
github.com/nacos-group/nacos-sdk-go/v2/clients/config_client.(*ConfigProxy).queryConfig
	/home/clxxx/go/pkg/mod/github.com/nacos-group/nacos-sdk-go/v2@v2.3.3/clients/config_client/config_proxy.go:128
github.com/nacos-group/nacos-sdk-go/v2/clients/config_client.(*ConfigClient).getConfigInner
	/home/clxxx/go/pkg/mod/github.com/nacos-group/nacos-sdk-go/v2@v2.3.3/clients/config_client/config_client.go:198
github.com/nacos-group/nacos-sdk-go/v2/clients/config_client.(*ConfigClient).GetConfig
	/home/clxxx/go/pkg/mod/github.com/nacos-group/nacos-sdk-go/v2@v2.3.3/clients/config_client/config_client.go:166
github.com/betacats/go-core/utils/nacosx.(*Nacosx).GetConfig
	/home/clxxx/桌面/go-core/utils/nacosx/nacos.go:64
github.com/betacats/go-core/utils/nacosx.(*Nacosx).MustLoad
	/home/clxxx/桌面/go-core/utils/nacosx/nacos.go:106
github.com/betacats/go-core/utils/nacosx.TestNacosByAppConfig
	/home/clxxx/桌面/go-core/utils/nacosx/builder_test.go:62
testing.tRunner
	/home/clxxx/sdk/go1.26.2/src/testing/testing.go:2036
runtime.goexit
	/home/clxxx/sdk/go1.26.2/src/runtime/asm_amd64.s:1771
2026-07-29T10:36:57.038+0800	ERROR	rpc/rpc_client.go:629	Send request fail, request=ConfigQueryRequest, body={"requestId":"","group":"DEFAULT_GROUP","dataId":"vet","tenant":"public","module":"config","tag":""}, retryTimes=2, error=client not connected, current status:STARTING
github.com/nacos-group/nacos-sdk-go/v2/common/remote/rpc.(*RpcClient).Request
	/home/clxxx/go/pkg/mod/github.com/nacos-group/nacos-sdk-go/v2@v2.3.3/common/remote/rpc/rpc_client.go:591
github.com/nacos-group/nacos-sdk-go/v2/clients/config_client.(*ConfigProxy).requestProxy
	/home/clxxx/go/pkg/mod/github.com/nacos-group/nacos-sdk-go/v2@v2.3.3/clients/config_client/config_proxy.go:63
github.com/nacos-group/nacos-sdk-go/v2/clients/config_client.(*ConfigProxy).queryConfig
	/home/clxxx/go/pkg/mod/github.com/nacos-group/nacos-sdk-go/v2@v2.3.3/clients/config_client/config_proxy.go:128
github.com/nacos-group/nacos-sdk-go/v2/clients/config_client.(*ConfigClient).getConfigInner
	/home/clxxx/go/pkg/mod/github.com/nacos-group/nacos-sdk-go/v2@v2.3.3/clients/config_client/config_client.go:198
github.com/nacos-group/nacos-sdk-go/v2/clients/config_client.(*ConfigClient).GetConfig
	/home/clxxx/go/pkg/mod/github.com/nacos-group/nacos-sdk-go/v2@v2.3.3/clients/config_client/config_client.go:166
github.com/betacats/go-core/utils/nacosx.(*Nacosx).GetConfig
	/home/clxxx/桌面/go-core/utils/nacosx/nacos.go:64
github.com/betacats/go-core/utils/nacosx.(*Nacosx).MustLoad
	/home/clxxx/桌面/go-core/utils/nacosx/nacos.go:106
github.com/betacats/go-core/utils/nacosx.TestNacosByAppConfig
	/home/clxxx/桌面/go-core/utils/nacosx/builder_test.go:62
testing.tRunner
	/home/clxxx/sdk/go1.26.2/src/testing/testing.go:2036
runtime.goexit
	/home/clxxx/sdk/go1.26.2/src/runtime/asm_amd64.s:1771
2026-07-29T10:36:57.139+0800	ERROR	config_client/config_client.go:201	get config from server error:client not connected, current status:STARTING, dataId=vet, group=DEFAULT_GROUP, namespaceId=public
2026-07-29T10:37:01.836+0800	ERROR	security/security_proxy.go:117	login in err:Post "http://localhost:8848/nacos/v1/auth/users/login": dial tcp 127.0.0.1:8848: connect: connection refused
2026-07-29T10:37:01.838+0800	ERROR	rpc/rpc_client.go:629	Send request fail, request=ConfigBatchListenRequest, body={"requestId":"","group":"","dataId":"","tenant":"","module":"config","listen":true,"configListenContexts":[{"group":"DEFAULT_GROUP","md5":"","dataId":"vet","tenant":"public"}]}, retryTimes=0, error=client not connected, current status:STARTING
github.com/nacos-group/nacos-sdk-go/v2/common/remote/rpc.(*RpcClient).Request
	/home/clxxx/go/pkg/mod/github.com/nacos-group/nacos-sdk-go/v2@v2.3.3/common/remote/rpc/rpc_client.go:591
github.com/nacos-group/nacos-sdk-go/v2/clients/config_client.(*ConfigProxy).requestProxy
	/home/clxxx/go/pkg/mod/github.com/nacos-group/nacos-sdk-go/v2@v2.3.3/clients/config_client/config_proxy.go:63
github.com/nacos-group/nacos-sdk-go/v2/clients/config_client.(*ConfigClient).executeConfigListen
	/home/clxxx/go/pkg/mod/github.com/nacos-group/nacos-sdk-go/v2@v2.3.3/clients/config_client/config_client.go:439
github.com/nacos-group/nacos-sdk-go/v2/clients/config_client.(*ConfigClient).startInternal.func1
	/home/clxxx/go/pkg/mod/github.com/nacos-group/nacos-sdk-go/v2@v2.3.3/clients/config_client/config_client.go:416
runtime.goexit
	/home/clxxx/sdk/go1.26.2/src/runtime/asm_amd64.s:1771
2026-07-29T10:37:01.838+0800	ERROR	security/security_proxy.go:117	login in err:Post "http://localhost:8848/nacos/v1/auth/users/login": dial tcp 127.0.0.1:8848: connect: connection refused
2026-07-29T10:37:01.938+0800	ERROR	rpc/rpc_client.go:629	Send request fail, request=ConfigBatchListenRequest, body={"requestId":"","group":"","dataId":"","tenant":"","module":"config","listen":true,"configListenContexts":[{"group":"DEFAULT_GROUP","md5":"","dataId":"vet","tenant":"public"}]}, retryTimes=1, error=client not connected, current status:STARTING
github.com/nacos-group/nacos-sdk-go/v2/common/remote/rpc.(*RpcClient).Request
	/home/clxxx/go/pkg/mod/github.com/nacos-group/nacos-sdk-go/v2@v2.3.3/common/remote/rpc/rpc_client.go:591
github.com/nacos-group/nacos-sdk-go/v2/clients/config_client.(*ConfigProxy).requestProxy
	/home/clxxx/go/pkg/mod/github.com/nacos-group/nacos-sdk-go/v2@v2.3.3/clients/config_client/config_proxy.go:63
github.com/nacos-group/nacos-sdk-go/v2/clients/config_client.(*ConfigClient).executeConfigListen
	/home/clxxx/go/pkg/mod/github.com/nacos-group/nacos-sdk-go/v2@v2.3.3/clients/config_client/config_client.go:439
github.com/nacos-group/nacos-sdk-go/v2/clients/config_client.(*ConfigClient).startInternal.func1
	/home/clxxx/go/pkg/mod/github.com/nacos-group/nacos-sdk-go/v2@v2.3.3/clients/config_client/config_client.go:416
runtime.goexit
	/home/clxxx/sdk/go1.26.2/src/runtime/asm_amd64.s:1771
2026-07-29T10:37:02.039+0800	ERROR	rpc/rpc_client.go:629	Send request fail, request=ConfigBatchListenRequest, body={"requestId":"","group":"","dataId":"","tenant":"","module":"config","listen":true,"configListenContexts":[{"group":"DEFAULT_GROUP","md5":"","dataId":"vet","tenant":"public"}]}, retryTimes=2, error=client not connected, current status:STARTING
github.com/nacos-group/nacos-sdk-go/v2/common/remote/rpc.(*RpcClient).Request
	/home/clxxx/go/pkg/mod/github.com/nacos-group/nacos-sdk-go/v2@v2.3.3/common/remote/rpc/rpc_client.go:591
github.com/nacos-group/nacos-sdk-go/v2/clients/config_client.(*ConfigProxy).requestProxy
	/home/clxxx/go/pkg/mod/github.com/nacos-group/nacos-sdk-go/v2@v2.3.3/clients/config_client/config_proxy.go:63
github.com/nacos-group/nacos-sdk-go/v2/clients/config_client.(*ConfigClient).executeConfigListen
	/home/clxxx/go/pkg/mod/github.com/nacos-group/nacos-sdk-go/v2@v2.3.3/clients/config_client/config_client.go:439
github.com/nacos-group/nacos-sdk-go/v2/clients/config_client.(*ConfigClient).startInternal.func1
	/home/clxxx/go/pkg/mod/github.com/nacos-group/nacos-sdk-go/v2@v2.3.3/clients/config_client/config_client.go:416
runtime.goexit
	/home/clxxx/sdk/go1.26.2/src/runtime/asm_amd64.s:1771
2026-07-29T10:37:06.838+0800	ERROR	security/security_proxy.go:117	login in err:Post "http://localhost:8848/nacos/v1/auth/users/login": dial tcp 127.0.0.1:8848: connect: connection refused
2026-07-29T10:37:06.839+0800	ERROR	security/security_proxy.go:117	login in err:Post "http://localhost:8848/nacos/v1/auth/users/login": dial tcp 127.0.0.1:8848: connect: connection refused
2026-07-29T10:37:07.141+0800	ERROR	rpc/rpc_client.go:629	Send request fail, request=ConfigBatchListenRequest, body={"requestId":"","group":"","dataId":"","tenant":"","module":"config","listen":true,"configListenContexts":[{"group":"DEFAULT_GROUP","md5":"","dataId":"vet","tenant":"public"}]}, retryTimes=0, error=client not connected, current status:STARTING
github.com/nacos-group/nacos-sdk-go/v2/common/remote/rpc.(*RpcClient).Request
	/home/clxxx/go/pkg/mod/github.com/nacos-group/nacos-sdk-go/v2@v2.3.3/common/remote/rpc/rpc_client.go:591
github.com/nacos-group/nacos-sdk-go/v2/clients/config_client.(*ConfigProxy).requestProxy
	/home/clxxx/go/pkg/mod/github.com/nacos-group/nacos-sdk-go/v2@v2.3.3/clients/config_client/config_proxy.go:63
github.com/nacos-group/nacos-sdk-go/v2/clients/config_client.(*ConfigClient).executeConfigListen
	/home/clxxx/go/pkg/mod/github.com/nacos-group/nacos-sdk-go/v2@v2.3.3/clients/config_client/config_client.go:439
github.com/nacos-group/nacos-sdk-go/v2/clients/config_client.(*ConfigClient).startInternal.func1
	/home/clxxx/go/pkg/mod/github.com/nacos-group/nacos-sdk-go/v2@v2.3.3/clients/config_client/config_client.go:416
runtime.goexit
	/home/clxxx/sdk/go1.26.2/src/runtime/asm_amd64.s:1771
2026-07-29T10:37:07.241+0800	ERROR	rpc/rpc_client.go:629	Send request fail, request=ConfigBatchListenRequest, body={"requestId":"","group":"","dataId":"","tenant":"","module":"config","listen":true,"configListenContexts":[{"group":"DEFAULT_GROUP","md5":"","dataId":"vet","tenant":"public"}]}, retryTimes=1, error=client not connected, current status:STARTING
github.com/nacos-group/nacos-sdk-go/v2/common/remote/rpc.(*RpcClient).Request
	/home/clxxx/go/pkg/mod/github.com/nacos-group/nacos-sdk-go/v2@v2.3.3/common/remote/rpc/rpc_client.go:591
github.com/nacos-group/nacos-sdk-go/v2/clients/config_client.(*ConfigProxy).requestProxy
	/home/clxxx/go/pkg/mod/github.com/nacos-group/nacos-sdk-go/v2@v2.3.3/clients/config_client/config_proxy.go:63
github.com/nacos-group/nacos-sdk-go/v2/clients/config_client.(*ConfigClient).executeConfigListen
	/home/clxxx/go/pkg/mod/github.com/nacos-group/nacos-sdk-go/v2@v2.3.3/clients/config_client/config_client.go:439
github.com/nacos-group/nacos-sdk-go/v2/clients/config_client.(*ConfigClient).startInternal.func1
	/home/clxxx/go/pkg/mod/github.com/nacos-group/nacos-sdk-go/v2@v2.3.3/clients/config_client/config_client.go:416
runtime.goexit
	/home/clxxx/sdk/go1.26.2/src/runtime/asm_amd64.s:1771
2026-07-29T10:37:07.342+0800	ERROR	rpc/rpc_client.go:629	Send request fail, request=ConfigBatchListenRequest, body={"requestId":"","group":"","dataId":"","tenant":"","module":"config","listen":true,"configListenContexts":[{"group":"DEFAULT_GROUP","md5":"","dataId":"vet","tenant":"public"}]}, retryTimes=2, error=client not connected, current status:STARTING
github.com/nacos-group/nacos-sdk-go/v2/common/remote/rpc.(*RpcClient).Request
	/home/clxxx/go/pkg/mod/github.com/nacos-group/nacos-sdk-go/v2@v2.3.3/common/remote/rpc/rpc_client.go:591
github.com/nacos-group/nacos-sdk-go/v2/clients/config_client.(*ConfigProxy).requestProxy
	/home/clxxx/go/pkg/mod/github.com/nacos-group/nacos-sdk-go/v2@v2.3.3/clients/config_client/config_proxy.go:63
github.com/nacos-group/nacos-sdk-go/v2/clients/config_client.(*ConfigClient).executeConfigListen
	/home/clxxx/go/pkg/mod/github.com/nacos-group/nacos-sdk-go/v2@v2.3.3/clients/config_client/config_client.go:439
github.com/nacos-group/nacos-sdk-go/v2/clients/config_client.(*ConfigClient).startInternal.func1
	/home/clxxx/go/pkg/mod/github.com/nacos-group/nacos-sdk-go/v2@v2.3.3/clients/config_client/config_client.go:416
runtime.goexit
	/home/clxxx/sdk/go1.26.2/src/runtime/asm_amd64.s:1771
2026-07-29T10:37:11.840+0800	ERROR	security/security_proxy.go:117	login in err:Post "http://localhost:8848/nacos/v1/auth/users/login": dial tcp 127.0.0.1:8848: connect: connection refused
2026-07-29T10:37:11.840+0800	ERROR	security/security_proxy.go:117	login in err:Post "http://localhost:8848/nacos/v1/auth/users/login": dial tcp 127.0.0.1:8848: connect: connection refused
2026-07-29T10:37:12.443+0800	ERROR	rpc/rpc_client.go:629	Send request fail, request=ConfigBatchListenRequest, body={"requestId":"","group":"","dataId":"","tenant":"","module":"config","listen":true,"configListenContexts":[{"group":"DEFAULT_GROUP","md5":"","dataId":"vet","tenant":"public"}]}, retryTimes=0, error=client not connected, current status:STARTING
github.com/nacos-group/nacos-sdk-go/v2/common/remote/rpc.(*RpcClient).Request
	/home/clxxx/go/pkg/mod/github.com/nacos-group/nacos-sdk-go/v2@v2.3.3/common/remote/rpc/rpc_client.go:591
github.com/nacos-group/nacos-sdk-go/v2/clients/config_client.(*ConfigProxy).requestProxy
	/home/clxxx/go/pkg/mod/github.com/nacos-group/nacos-sdk-go/v2@v2.3.3/clients/config_client/config_proxy.go:63
github.com/nacos-group/nacos-sdk-go/v2/clients/config_client.(*ConfigClient).executeConfigListen
	/home/clxxx/go/pkg/mod/github.com/nacos-group/nacos-sdk-go/v2@v2.3.3/clients/config_client/config_client.go:439
github.com/nacos-group/nacos-sdk-go/v2/clients/config_client.(*ConfigClient).startInternal.func1
	/home/clxxx/go/pkg/mod/github.com/nacos-group/nacos-sdk-go/v2@v2.3.3/clients/config_client/config_client.go:416
runtime.goexit
	/home/clxxx/sdk/go1.26.2/src/runtime/asm_amd64.s:1771
2026-07-29T10:37:12.544+0800	ERROR	rpc/rpc_client.go:629	Send request fail, request=ConfigBatchListenRequest, body={"requestId":"","group":"","dataId":"","tenant":"","module":"config","listen":true,"configListenContexts":[{"group":"DEFAULT_GROUP","md5":"","dataId":"vet","tenant":"public"}]}, retryTimes=1, error=client not connected, current status:STARTING
github.com/nacos-group/nacos-sdk-go/v2/common/remote/rpc.(*RpcClient).Request
	/home/clxxx/go/pkg/mod/github.com/nacos-group/nacos-sdk-go/v2@v2.3.3/common/remote/rpc/rpc_client.go:591
github.com/nacos-group/nacos-sdk-go/v2/clients/config_client.(*ConfigProxy).requestProxy
	/home/clxxx/go/pkg/mod/github.com/nacos-group/nacos-sdk-go/v2@v2.3.3/clients/config_client/config_proxy.go:63
github.com/nacos-group/nacos-sdk-go/v2/clients/config_client.(*ConfigClient).executeConfigListen
	/home/clxxx/go/pkg/mod/github.com/nacos-group/nacos-sdk-go/v2@v2.3.3/clients/config_client/config_client.go:439
github.com/nacos-group/nacos-sdk-go/v2/clients/config_client.(*ConfigClient).startInternal.func1
	/home/clxxx/go/pkg/mod/github.com/nacos-group/nacos-sdk-go/v2@v2.3.3/clients/config_client/config_client.go:416
runtime.goexit
	/home/clxxx/sdk/go1.26.2/src/runtime/asm_amd64.s:1771
2026-07-29T10:37:12.644+0800	ERROR	rpc/rpc_client.go:629	Send request fail, request=ConfigBatchListenRequest, body={"requestId":"","group":"","dataId":"","tenant":"","module":"config","listen":true,"configListenContexts":[{"group":"DEFAULT_GROUP","md5":"","dataId":"vet","tenant":"public"}]}, retryTimes=2, error=client not connected, current status:STARTING
github.com/nacos-group/nacos-sdk-go/v2/common/remote/rpc.(*RpcClient).Request
	/home/clxxx/go/pkg/mod/github.com/nacos-group/nacos-sdk-go/v2@v2.3.3/common/remote/rpc/rpc_client.go:591
github.com/nacos-group/nacos-sdk-go/v2/clients/config_client.(*ConfigProxy).requestProxy
	/home/clxxx/go/pkg/mod/github.com/nacos-group/nacos-sdk-go/v2@v2.3.3/clients/config_client/config_proxy.go:63
github.com/nacos-group/nacos-sdk-go/v2/clients/config_client.(*ConfigClient).executeConfigListen
	/home/clxxx/go/pkg/mod/github.com/nacos-group/nacos-sdk-go/v2@v2.3.3/clients/config_client/config_client.go:439
github.com/nacos-group/nacos-sdk-go/v2/clients/config_client.(*ConfigClient).startInternal.func1
	/home/clxxx/go/pkg/mod/github.com/nacos-group/nacos-sdk-go/v2@v2.3.3/clients/config_client/config_client.go:416
runtime.goexit
	/home/clxxx/sdk/go1.26.2/src/runtime/asm_amd64.s:1771
2026-07-29T10:37:16.842+0800	ERROR	security/security_proxy.go:117	login in err:Post "http://localhost:8848/nacos/v1/auth/users/login": dial tcp 127.0.0.1:8848: connect: connection refused
2026-07-29T10:37:16.842+0800	ERROR	security/security_proxy.go:117	login in err:Post "http://localhost:8848/nacos/v1/auth/users/login": dial tcp 127.0.0.1:8848: connect: connection refused
2026-07-29T10:37:17.745+0800	ERROR	rpc/rpc_client.go:629	Send request fail, request=ConfigBatchListenRequest, body={"requestId":"","group":"","dataId":"","tenant":"","module":"config","listen":true,"configListenContexts":[{"group":"DEFAULT_GROUP","md5":"","dataId":"vet","tenant":"public"}]}, retryTimes=0, error=client not connected, current status:STARTING
github.com/nacos-group/nacos-sdk-go/v2/common/remote/rpc.(*RpcClient).Request
	/home/clxxx/go/pkg/mod/github.com/nacos-group/nacos-sdk-go/v2@v2.3.3/common/remote/rpc/rpc_client.go:591
github.com/nacos-group/nacos-sdk-go/v2/clients/config_client.(*ConfigProxy).requestProxy
	/home/clxxx/go/pkg/mod/github.com/nacos-group/nacos-sdk-go/v2@v2.3.3/clients/config_client/config_proxy.go:63
github.com/nacos-group/nacos-sdk-go/v2/clients/config_client.(*ConfigClient).executeConfigListen
	/home/clxxx/go/pkg/mod/github.com/nacos-group/nacos-sdk-go/v2@v2.3.3/clients/config_client/config_client.go:439
github.com/nacos-group/nacos-sdk-go/v2/clients/config_client.(*ConfigClient).startInternal.func1
	/home/clxxx/go/pkg/mod/github.com/nacos-group/nacos-sdk-go/v2@v2.3.3/clients/config_client/config_client.go:416
runtime.goexit
	/home/clxxx/sdk/go1.26.2/src/runtime/asm_amd64.s:1771
2026-07-29T10:37:17.846+0800	ERROR	rpc/rpc_client.go:629	Send request fail, request=ConfigBatchListenRequest, body={"requestId":"","group":"","dataId":"","tenant":"","module":"config","listen":true,"configListenContexts":[{"group":"DEFAULT_GROUP","md5":"","dataId":"vet","tenant":"public"}]}, retryTimes=1, error=client not connected, current status:STARTING
github.com/nacos-group/nacos-sdk-go/v2/common/remote/rpc.(*RpcClient).Request
	/home/clxxx/go/pkg/mod/github.com/nacos-group/nacos-sdk-go/v2@v2.3.3/common/remote/rpc/rpc_client.go:591
github.com/nacos-group/nacos-sdk-go/v2/clients/config_client.(*ConfigProxy).requestProxy
	/home/clxxx/go/pkg/mod/github.com/nacos-group/nacos-sdk-go/v2@v2.3.3/clients/config_client/config_proxy.go:63
github.com/nacos-group/nacos-sdk-go/v2/clients/config_client.(*ConfigClient).executeConfigListen
	/home/clxxx/go/pkg/mod/github.com/nacos-group/nacos-sdk-go/v2@v2.3.3/clients/config_client/config_client.go:439
github.com/nacos-group/nacos-sdk-go/v2/clients/config_client.(*ConfigClient).startInternal.func1
	/home/clxxx/go/pkg/mod/github.com/nacos-group/nacos-sdk-go/v2@v2.3.3/clients/config_client/config_client.go:416
runtime.goexit
	/home/clxxx/sdk/go1.26.2/src/runtime/asm_amd64.s:1771
2026-07-29T10:37:17.947+0800	ERROR	rpc/rpc_client.go:629	Send request fail, request=ConfigBatchListenRequest, body={"requestId":"","group":"","dataId":"","tenant":"","module":"config","listen":true,"configListenContexts":[{"group":"DEFAULT_GROUP","md5":"","dataId":"vet","tenant":"public"}]}, retryTimes=2, error=client not connected, current status:STARTING
github.com/nacos-group/nacos-sdk-go/v2/common/remote/rpc.(*RpcClient).Request
	/home/clxxx/go/pkg/mod/github.com/nacos-group/nacos-sdk-go/v2@v2.3.3/common/remote/rpc/rpc_client.go:591
github.com/nacos-group/nacos-sdk-go/v2/clients/config_client.(*ConfigProxy).requestProxy
	/home/clxxx/go/pkg/mod/github.com/nacos-group/nacos-sdk-go/v2@v2.3.3/clients/config_client/config_proxy.go:63
github.com/nacos-group/nacos-sdk-go/v2/clients/config_client.(*ConfigClient).executeConfigListen
	/home/clxxx/go/pkg/mod/github.com/nacos-group/nacos-sdk-go/v2@v2.3.3/clients/config_client/config_client.go:439
github.com/nacos-group/nacos-sdk-go/v2/clients/config_client.(*ConfigClient).startInternal.func1
	/home/clxxx/go/pkg/mod/github.com/nacos-group/nacos-sdk-go/v2@v2.3.3/clients/config_client/config_client.go:416
runtime.goexit
	/home/clxxx/sdk/go1.26.2/src/runtime/asm_amd64.s:1771
2026-07-29T10:37:21.842+0800	ERROR	security/security_proxy.go:117	login in err:Post "http://localhost:8848/nacos/v1/auth/users/login": dial tcp 127.0.0.1:8848: connect: connection refused
2026-07-29T10:37:21.842+0800	ERROR	security/security_proxy.go:117	login in err:Post "http://localhost:8848/nacos/v1/auth/users/login": dial tcp 127.0.0.1:8848: connect: connection refused
2026-07-29T10:37:23.047+0800	ERROR	rpc/rpc_client.go:629	Send request fail, request=ConfigBatchListenRequest, body={"requestId":"","group":"","dataId":"","tenant":"","module":"config","listen":true,"configListenContexts":[{"group":"DEFAULT_GROUP","md5":"","dataId":"vet","tenant":"public"}]}, retryTimes=0, error=client not connected, current status:STARTING
github.com/nacos-group/nacos-sdk-go/v2/common/remote/rpc.(*RpcClient).Request
	/home/clxxx/go/pkg/mod/github.com/nacos-group/nacos-sdk-go/v2@v2.3.3/common/remote/rpc/rpc_client.go:591
github.com/nacos-group/nacos-sdk-go/v2/clients/config_client.(*ConfigProxy).requestProxy
	/home/clxxx/go/pkg/mod/github.com/nacos-group/nacos-sdk-go/v2@v2.3.3/clients/config_client/config_proxy.go:63
github.com/nacos-group/nacos-sdk-go/v2/clients/config_client.(*ConfigClient).executeConfigListen
	/home/clxxx/go/pkg/mod/github.com/nacos-group/nacos-sdk-go/v2@v2.3.3/clients/config_client/config_client.go:439
github.com/nacos-group/nacos-sdk-go/v2/clients/config_client.(*ConfigClient).startInternal.func1
	/home/clxxx/go/pkg/mod/github.com/nacos-group/nacos-sdk-go/v2@v2.3.3/clients/config_client/config_client.go:416
runtime.goexit
	/home/clxxx/sdk/go1.26.2/src/runtime/asm_amd64.s:1771
2026-07-29T10:37:23.148+0800	ERROR	rpc/rpc_client.go:629	Send request fail, request=ConfigBatchListenRequest, body={"requestId":"","group":"","dataId":"","tenant":"","module":"config","listen":true,"configListenContexts":[{"group":"DEFAULT_GROUP","md5":"","dataId":"vet","tenant":"public"}]}, retryTimes=1, error=client not connected, current status:STARTING
github.com/nacos-group/nacos-sdk-go/v2/common/remote/rpc.(*RpcClient).Request
	/home/clxxx/go/pkg/mod/github.com/nacos-group/nacos-sdk-go/v2@v2.3.3/common/remote/rpc/rpc_client.go:591
github.com/nacos-group/nacos-sdk-go/v2/clients/config_client.(*ConfigProxy).requestProxy
	/home/clxxx/go/pkg/mod/github.com/nacos-group/nacos-sdk-go/v2@v2.3.3/clients/config_client/config_proxy.go:63
github.com/nacos-group/nacos-sdk-go/v2/clients/config_client.(*ConfigClient).executeConfigListen
	/home/clxxx/go/pkg/mod/github.com/nacos-group/nacos-sdk-go/v2@v2.3.3/clients/config_client/config_client.go:439
github.com/nacos-group/nacos-sdk-go/v2/clients/config_client.(*ConfigClient).startInternal.func1
	/home/clxxx/go/pkg/mod/github.com/nacos-group/nacos-sdk-go/v2@v2.3.3/clients/config_client/config_client.go:416
runtime.goexit
	/home/clxxx/sdk/go1.26.2/src/runtime/asm_amd64.s:1771
2026-07-29T10:37:23.248+0800	ERROR	rpc/rpc_client.go:629	Send request fail, request=ConfigBatchListenRequest, body={"requestId":"","group":"","dataId":"","tenant":"","module":"config","listen":true,"configListenContexts":[{"group":"DEFAULT_GROUP","md5":"","dataId":"vet","tenant":"public"}]}, retryTimes=2, error=client not connected, current status:STARTING
github.com/nacos-group/nacos-sdk-go/v2/common/remote/rpc.(*RpcClient).Request
	/home/clxxx/go/pkg/mod/github.com/nacos-group/nacos-sdk-go/v2@v2.3.3/common/remote/rpc/rpc_client.go:591
github.com/nacos-group/nacos-sdk-go/v2/clients/config_client.(*ConfigProxy).requestProxy
	/home/clxxx/go/pkg/mod/github.com/nacos-group/nacos-sdk-go/v2@v2.3.3/clients/config_client/config_proxy.go:63
github.com/nacos-group/nacos-sdk-go/v2/clients/config_client.(*ConfigClient).executeConfigListen
	/home/clxxx/go/pkg/mod/github.com/nacos-group/nacos-sdk-go/v2@v2.3.3/clients/config_client/config_client.go:439
github.com/nacos-group/nacos-sdk-go/v2/clients/config_client.(*ConfigClient).startInternal.func1
	/home/clxxx/go/pkg/mod/github.com/nacos-group/nacos-sdk-go/v2@v2.3.3/clients/config_client/config_client.go:416
runtime.goexit
	/home/clxxx/sdk/go1.26.2/src/runtime/asm_amd64.s:1771
2026-07-29T10:37:26.843+0800	ERROR	security/security_proxy.go:117	login in err:Post "http://localhost:8848/nacos/v1/auth/users/login": dial tcp 127.0.0.1:8848: connect: connection refused
2026-07-29T10:37:26.843+0800	ERROR	security/security_proxy.go:117	login in err:Post "http://localhost:8848/nacos/v1/auth/users/login": dial tcp 127.0.0.1:8848: connect: connection refused
